ERROR: Access denied
node:child_process:990
    throw err;
    ^

Error: Command failed: taskkill /pid 6520 /T /F
ERROR: Access denied

    at genericNodeError (node:internal/errors:983:15)
    at wrappedFn (node:internal/errors:537:14)
    at checkExecSyncError (node:child_process:915:11)
    at execSync (node:child_process:987:15)
    at treeKillSync (E:\KLTN\workspace_hub\backend\project-service\node_modules\@nestjs\cli\lib\utils\tree-kill.js:7:38)
    at process.<anonymous> (E:\KLTN\workspace_hub\backend\project-service\node_modules\@nestjs\cli\actions\start.action.js:57:82)
    at process.emit (node:events:519:28)
    at process.exit (node:internal/process/per_thread:240:15)
    at E:\KLTN\workspace_hub\backend\project-service\node_modules\typescript\lib\typescript.js:8367:42
    at disableCPUProfiler (E:\KLTN\workspace_hub\backend\project-service\node_modules\typescript\lib\typescript.js:8479:9) {
  status: 1,
  signal: null,
  output: [
    null,
    Buffer(0) [Uint8Array] [],
    Buffer(23) [Uint8Array] [
       69,  82,  82,  79,  82,  58, 32,
       65,  99,  99, 101, 115, 115, 32,
      100, 101, 110, 105, 101, 100, 13,
       13,  10
    ]
  ],
  pid: 21616,
  stdout: Buffer(0) [Uint8Array] [],
  stderr: Buffer(23) [Uint8Array] [
     69,  82,  82,  79,  82,  58, 32,
     65,  99,  99, 101, 115, 115, 32,
    100, 101, 110, 105, 101, 100, 13,
     13,  10
  ]
}

Node.js v22.19.0
