[32m[Nest] 24472  - [39m08/06/2026, 10:49:41 PM [32m    LOG[39m [38;5;3m[NestFactory] [39m[32mStarting Nest application...[39m
[32m[Nest] 24472  - [39m08/06/2026, 10:49:41 PM [32m    LOG[39m [38;5;3m[InstanceLoader] [39m[32mAppModule dependencies initialized[39m[38;5;3m +32ms[39m
[32m[Nest] 24472  - [39m08/06/2026, 10:49:41 PM [32m    LOG[39m [38;5;3m[InstanceLoader] [39m[32mPrismaModule dependencies initialized[39m[38;5;3m +0ms[39m
[32m[Nest] 24472  - [39m08/06/2026, 10:49:41 PM [32m    LOG[39m [38;5;3m[InstanceLoader] [39m[32mProjectModule dependencies initialized[39m[38;5;3m +16ms[39m
[32m[Nest] 24472  - [39m08/06/2026, 10:49:41 PM [32m    LOG[39m [38;5;3m[RoutesResolver] [39m[32mProjectController {/api/projects}:[39m[38;5;3m +80ms[39m
[32m[Nest] 24472  - [39m08/06/2026, 10:49:41 PM [32m    LOG[39m [38;5;3m[RouterExplorer] [39m[32mMapped {/api/projects, POST} route[39m[38;5;3m +7ms[39m
[32m[Nest] 24472  - [39m08/06/2026, 10:49:41 PM [32m    LOG[39m [38;5;3m[RouterExplorer] [39m[32mMapped {/api/projects, GET} route[39m[38;5;3m +1ms[39m
[32m[Nest] 24472  - [39m08/06/2026, 10:49:41 PM [32m    LOG[39m [38;5;3m[RouterExplorer] [39m[32mMapped {/api/projects/:projectId, GET} route[39m[38;5;3m +2ms[39m
[32m[Nest] 24472  - [39m08/06/2026, 10:49:41 PM [32m    LOG[39m [38;5;3m[RouterExplorer] [39m[32mMapped {/api/projects/:projectId, PATCH} route[39m[38;5;3m +1ms[39m
[32m[Nest] 24472  - [39m08/06/2026, 10:49:41 PM [32m    LOG[39m [38;5;3m[RouterExplorer] [39m[32mMapped {/api/projects/:projectId, DELETE} route[39m[38;5;3m +2ms[39m
[32m[Nest] 24472  - [39m08/06/2026, 10:49:41 PM [32m    LOG[39m [38;5;3m[RoutesResolver] [39m[32mMemberController {/api/projects/:projectId/members}:[39m[38;5;3m +0ms[39m
[32m[Nest] 24472  - [39m08/06/2026, 10:49:41 PM [32m    LOG[39m [38;5;3m[RouterExplorer] [39m[32mMapped {/api/projects/:projectId/members, GET} route[39m[38;5;3m +1ms[39m
[32m[Nest] 24472  - [39m08/06/2026, 10:49:41 PM [32m    LOG[39m [38;5;3m[RouterExplorer] [39m[32mMapped {/api/projects/:projectId/members, POST} route[39m[38;5;3m +1ms[39m
[32m[Nest] 24472  - [39m08/06/2026, 10:49:41 PM [32m    LOG[39m [38;5;3m[RouterExplorer] [39m[32mMapped {/api/projects/:projectId/members/:memberUserId, PATCH} route[39m[38;5;3m +1ms[39m
[32m[Nest] 24472  - [39m08/06/2026, 10:49:41 PM [32m    LOG[39m [38;5;3m[RouterExplorer] [39m[32mMapped {/api/projects/:projectId/members/:memberUserId, DELETE} route[39m[38;5;3m +1ms[39m
[32m[Nest] 24472  - [39m08/06/2026, 10:49:41 PM [32m    LOG[39m [38;5;3m[RoutesResolver] [39m[32mInvitationController {/api}:[39m[38;5;3m +1ms[39m
[32m[Nest] 24472  - [39m08/06/2026, 10:49:41 PM [32m    LOG[39m [38;5;3m[RouterExplorer] [39m[32mMapped {/api/projects/:projectId/invitations, POST} route[39m[38;5;3m +0ms[39m
[32m[Nest] 24472  - [39m08/06/2026, 10:49:41 PM [32m    LOG[39m [38;5;3m[RouterExplorer] [39m[32mMapped {/api/project-invitations/pending, GET} route[39m[38;5;3m +1ms[39m
[32m[Nest] 24472  - [39m08/06/2026, 10:49:41 PM [32m    LOG[39m [38;5;3m[RouterExplorer] [39m[32mMapped {/api/project-invitations/:invitationId/accept, POST} route[39m[38;5;3m +1ms[39m
[32m[Nest] 24472  - [39m08/06/2026, 10:49:41 PM [32m    LOG[39m [38;5;3m[RouterExplorer] [39m[32mMapped {/api/project-invitations/:invitationId/decline, POST} route[39m[38;5;3m +0ms[39m
[32m[Nest] 24472  - [39m08/06/2026, 10:49:41 PM [32m    LOG[39m [38;5;3m[RouterExplorer] [39m[32mMapped {/api/projects/:projectId/invitations/:invitationId, DELETE} route[39m[38;5;3m +1ms[39m
[32m[Nest] 24472  - [39m08/06/2026, 10:49:41 PM [32m    LOG[39m [38;5;3m[RoutesResolver] [39m[32mTaskController {/api}:[39m[38;5;3m +0ms[39m
[32m[Nest] 24472  - [39m08/06/2026, 10:49:41 PM [32m    LOG[39m [38;5;3m[RouterExplorer] [39m[32mMapped {/api/projects/:projectId/tasks, POST} route[39m[38;5;3m +1ms[39m
[32m[Nest] 24472  - [39m08/06/2026, 10:49:41 PM [32m    LOG[39m [38;5;3m[RouterExplorer] [39m[32mMapped {/api/projects/:projectId/tasks, GET} route[39m[38;5;3m +1ms[39m
[32m[Nest] 24472  - [39m08/06/2026, 10:49:41 PM [32m    LOG[39m [38;5;3m[RouterExplorer] [39m[32mMapped {/api/tasks/:taskId, GET} route[39m[38;5;3m +1ms[39m
[32m[Nest] 24472  - [39m08/06/2026, 10:49:41 PM [32m    LOG[39m [38;5;3m[RouterExplorer] [39m[32mMapped {/api/tasks/:taskId, PATCH} route[39m[38;5;3m +1ms[39m
[32m[Nest] 24472  - [39m08/06/2026, 10:49:41 PM [32m    LOG[39m [38;5;3m[RouterExplorer] [39m[32mMapped {/api/tasks/:taskId, DELETE} route[39m[38;5;3m +1ms[39m
[32m[Nest] 24472  - [39m08/06/2026, 10:49:41 PM [32m    LOG[39m [38;5;3m[RoutesResolver] [39m[32mCommentController {/api}:[39m[38;5;3m +0ms[39m
[32m[Nest] 24472  - [39m08/06/2026, 10:49:41 PM [32m    LOG[39m [38;5;3m[RouterExplorer] [39m[32mMapped {/api/tasks/:taskId/comments, GET} route[39m[38;5;3m +1ms[39m
[32m[Nest] 24472  - [39m08/06/2026, 10:49:41 PM [32m    LOG[39m [38;5;3m[RouterExplorer] [39m[32mMapped {/api/tasks/:taskId/comments, POST} route[39m[38;5;3m +1ms[39m
[32m[Nest] 24472  - [39m08/06/2026, 10:49:41 PM [32m    LOG[39m [38;5;3m[RouterExplorer] [39m[32mMapped {/api/task-comments/:commentId, PATCH} route[39m[38;5;3m +0ms[39m
[32m[Nest] 24472  - [39m08/06/2026, 10:49:41 PM [32m    LOG[39m [38;5;3m[RouterExplorer] [39m[32mMapped {/api/task-comments/:commentId, DELETE} route[39m[38;5;3m +1ms[39m
[32m[Nest] 24472  - [39m08/06/2026, 10:49:41 PM [32m    LOG[39m [38;5;3m[RoutesResolver] [39m[32mSprintController {/api}:[39m[38;5;3m +0ms[39m
[32m[Nest] 24472  - [39m08/06/2026, 10:49:41 PM [32m    LOG[39m [38;5;3m[RouterExplorer] [39m[32mMapped {/api/projects/:projectId/sprints, GET} route[39m[38;5;3m +1ms[39m
[32m[Nest] 24472  - [39m08/06/2026, 10:49:41 PM [32m    LOG[39m [38;5;3m[RouterExplorer] [39m[32mMapped {/api/projects/:projectId/sprints, POST} route[39m[38;5;3m +1ms[39m
[32m[Nest] 24472  - [39m08/06/2026, 10:49:41 PM [32m    LOG[39m [38;5;3m[RouterExplorer] [39m[32mMapped {/api/sprints/:sprintId/tasks, POST} route[39m[38;5;3m +1ms[39m
[32m[Nest] 24472  - [39m08/06/2026, 10:49:41 PM [32m    LOG[39m [38;5;3m[RouterExplorer] [39m[32mMapped {/api/sprints/:sprintId, PATCH} route[39m[38;5;3m +1ms[39m
[32m[Nest] 24472  - [39m08/06/2026, 10:49:41 PM [32m    LOG[39m [38;5;3m[RouterExplorer] [39m[32mMapped {/api/sprints/:sprintId/tasks/:taskId, DELETE} route[39m[38;5;3m +0ms[39m
[32m[Nest] 24472  - [39m08/06/2026, 10:49:41 PM [32m    LOG[39m [38;5;3m[RouterExplorer] [39m[32mMapped {/api/sprints/:sprintId/start, PATCH} route[39m[38;5;3m +1ms[39m
[32m[Nest] 24472  - [39m08/06/2026, 10:49:41 PM [32m    LOG[39m [38;5;3m[RouterExplorer] [39m[32mMapped {/api/sprints/:sprintId/complete, PATCH} route[39m[38;5;3m +0ms[39m
[32m[Nest] 24472  - [39m08/06/2026, 10:49:41 PM [32m    LOG[39m [38;5;3m[RouterExplorer] [39m[32mMapped {/api/sprints/:sprintId/reopen, PATCH} route[39m[38;5;3m +1ms[39m
[32m[Nest] 24472  - [39m08/06/2026, 10:49:41 PM [32m    LOG[39m [38;5;3m[RoutesResolver] [39m[32mChecklistController {/api}:[39m[38;5;3m +0ms[39m
[32m[Nest] 24472  - [39m08/06/2026, 10:49:41 PM [32m    LOG[39m [38;5;3m[RouterExplorer] [39m[32mMapped {/api/tasks/:taskId/checklists, POST} route[39m[38;5;3m +1ms[39m
[32m[Nest] 24472  - [39m08/06/2026, 10:49:41 PM [32m    LOG[39m [38;5;3m[RouterExplorer] [39m[32mMapped {/api/checklists/:checklistId, PATCH} route[39m[38;5;3m +1ms[39m
[32m[Nest] 24472  - [39m08/06/2026, 10:49:41 PM [32m    LOG[39m [38;5;3m[RouterExplorer] [39m[32mMapped {/api/checklists/:checklistId, DELETE} route[39m[38;5;3m +0ms[39m
[32m[Nest] 24472  - [39m08/06/2026, 10:49:41 PM [32m    LOG[39m [38;5;3m[RoutesResolver] [39m[32mLabelController {/api}:[39m[38;5;3m +1ms[39m
[32m[Nest] 24472  - [39m08/06/2026, 10:49:41 PM [32m    LOG[39m [38;5;3m[RouterExplorer] [39m[32mMapped {/api/projects/:projectId/labels, GET} route[39m[38;5;3m +0ms[39m
[32m[Nest] 24472  - [39m08/06/2026, 10:49:41 PM [32m    LOG[39m [38;5;3m[RouterExplorer] [39m[32mMapped {/api/projects/:projectId/labels, POST} route[39m[38;5;3m +1ms[39m
[32m[Nest] 24472  - [39m08/06/2026, 10:49:41 PM [32m    LOG[39m [38;5;3m[RouterExplorer] [39m[32mMapped {/api/labels/:labelId, PATCH} route[39m[38;5;3m +1ms[39m
[32m[Nest] 24472  - [39m08/06/2026, 10:49:41 PM [32m    LOG[39m [38;5;3m[RouterExplorer] [39m[32mMapped {/api/labels/:labelId, DELETE} route[39m[38;5;3m +1ms[39m
[32m[Nest] 24472  - [39m08/06/2026, 10:49:41 PM [32m    LOG[39m [38;5;3m[RouterExplorer] [39m[32mMapped {/api/tasks/:taskId/labels/:labelId, POST} route[39m[38;5;3m +1ms[39m
[32m[Nest] 24472  - [39m08/06/2026, 10:49:41 PM [32m    LOG[39m [38;5;3m[RouterExplorer] [39m[32mMapped {/api/tasks/:taskId/labels/:labelId, DELETE} route[39m[38;5;3m +0ms[39m
[32m[Nest] 24472  - [39m08/06/2026, 10:49:41 PM [32m    LOG[39m [38;5;3m[RoutesResolver] [39m[32mActivityController {/api/tasks}:[39m[38;5;3m +1ms[39m
[32m[Nest] 24472  - [39m08/06/2026, 10:49:41 PM [32m    LOG[39m [38;5;3m[RouterExplorer] [39m[32mMapped {/api/tasks/:taskId/activities, GET} route[39m[38;5;3m +0ms[39m
[32m[Nest] 24472  - [39m08/06/2026, 10:49:42 PM [32m    LOG[39m [38;5;3m[NestApplication] [39m[32mNest application successfully started[39m[38;5;3m +34ms[39m
